[mtv.in.com/getfit/index.html]
[backblue.gif]
[fade.gif]
[index.html]
[mtv.in.com/getfit/index-2.html]
[mtv.in.com/getfit/resources/images/oglogo.jpg]
[ajax.googleapis.com/ajax/libs/jquery/1.8.3/jquery.min.js]
[mtv.in.com/getfit/resources/css/getfit7b30.css]
[ajax.googleapis.com/ajax/libs/jqueryui/1.9.1/jquery-ui.min.js]
[mtv.in.com/getfit/resources/css/jquery.fancybox.css]
[mtv.in.com/getfit/resources/css/jquery.fancybox-buttons.css]
[mtv.in.com/getfit/resources/css/jquery.fancybox-thumbs.css]
[mtv.in.com/getfit/resources/js/jquery.mousewheel-3.0.6.pack.js]
[mtv.in.com/getfit/resources/js/jquery.fullPage.js]
[mtv.in.com/getfit/resources/js/jquery.fancybox-buttons.js]
[mtv.in.com/getfit/resources/js/jquery.fancybox-thumbs.js]
[mtv.in.com/getfit/resources/js/jquery.fancybox.js]
[mtv.in.com/getfit/resources/js/jquery.fancybox-media.js]
[mtv.in.com/getfit/resources/images/status.gif]
[mtv.in.com/getfit/resources/images/timer.png]
[mtv.in.com/getfit/resources/images/intronew.jpg]
[mtv.in.com/getfit/resources/images/ep1-bani.jpg]
[mtv.in.com/getfit/resources/images/ep2-bani.jpg]
[mtv.in.com/getfit/resources/images/ep3-bani.jpg]
[mtv.in.com/getfit/resources/images/ep4-bani.jpg]
[mtv.in.com/getfit/resources/images/ep5-bala.jpg]
[mtv.in.com/getfit/resources/images/ep6-bala.jpg]
[mtv.in.com/getfit/resources/images/ep7-bala.jpg]
[mtv.in.com/getfit/resources/images/ep8-bala.jpg]
[mtv.in.com/getfit/resources/images/arrow.png]
[mtv.in.com/getfit/iframeEpisode5847.html]
[mtv.in.com/getfit/iframeEpisodec078.html]
[mtv.in.com/getfit/iframeEpisode70be.html]
[mtv.in.com/getfit/iframeEpisode47c4.html]
[mtv.in.com/getfit/iframeEpisodef749.html]
[mtv.in.com/getfit/iframeEpisode3eb5.html]
[mtv.in.com/getfit/iframeEpisoded18d.html]
[mtv.in.com/getfit/iframeEpisode7c15.html]
[mtv.in.com/getfit/index.html]
[mtv.in.com/getfit/index-2.html]
[mtv.in.com/getfit/resources/css/roboto-bold-webfont_0-webfont.eot]
[mtv.in.com/getfit/resources/css/roboto-bold-webfont_0-webfontd41d.eot]
[mtv.in.com/getfit/resources/css/roboto-bold-webfont_0-webfont.woff]
[mtv.in.com/getfit/resources/css/roboto-bold-webfont_0-webfont.ttf]
[mtv.in.com/getfit/resources/css/roboto-regular-webfont-webfont.eot]
[mtv.in.com/getfit/resources/css/roboto-regular-webfont-webfontd41d.eot]
[mtv.in.com/getfit/resources/css/roboto-regular-webfont-webfont.woff]
[mtv.in.com/getfit/resources/css/futuramtv_demibolditalic-webfont.eot]
[mtv.in.com/getfit/resources/css/roboto-regular-webfont-webfont.ttf]
[mtv.in.com/getfit/resources/css/futuramtv_demibolditalic-webfontd41d.eot]
[mtv.in.com/getfit/resources/css/futuramtv_demibolditalic-webfont.woff]
[mtv.in.com/getfit/resources/images/btn-hover.gif]
[mtv.in.com/getfit/resources/images/bg-menu.gif]
[mtv.in.com/getfit/resources/images/bg-menu-cs.gif]
[mtv.in.com/getfit/resources/images/smallarrow.png]
[mtv.in.com/getfit/resources/images/bg-menu-icons.gif]
[mtv.in.com/getfit/resources/images/bg-icons.png]
[mtv.in.com/getfit/resources/images/icon-mtv.png]
[mtv.in.com/getfit/resources/images/icon-fb.png]
[mtv.in.com/getfit/resources/css/futuramtv_demibolditalic-webfont.ttf]
[mtv.in.com/getfit/resources/images/icon-twit.png]
[mtv.in.com/getfit/resources/css/getfit7b30.css]
[mtv.in.com/getfit/resources/css/fancybox_sprite.png]
[mtv.in.com/getfit/resources/css/fancybox_loading.gif]
[mtv.in.com/getfit/resources/css/blank.gif]
[mtv.in.com/getfit/resources/css/fancybox_overlay.png]
[mtv.in.com/getfit/resources/css/fancybox_sprite@2x.png]
[mtv.in.com/getfit/resources/css/jquery.fancybox.css]
[mtv.in.com/getfit/resources/css/fancybox_buttons.png]
[mtv.in.com/getfit/resources/css/jquery.fancybox-buttons.css]
[mtv.in.com/getfit/resources/css/jquery.fancybox-thumbs.css]
[mtvstat.in.com/c70956005f372e3774fca3196dc8d8da_ls_m.jpg]
[mtv.in.com/getfit/resources/css/style.css]
[mtv.in.com/jwplayer/xmlParserfb74.js]
[mtv.in.com/getfit/resources/images/share-fb3860.png]
[mtv.in.com/getfit/resources/images/share-ytube3860.png]
[mtv.in.com/getfit/resources/images/share-twit3860.png]
[mtv.in.com/getfit/resources/images/btn-previous3860.png]
[mtv.in.com/getfit/resources/images/btn-next3860.png]
[mtv.in.com/jwplayer/jwplayerfb74.js]
[mtv.in.com/getfit/resources/images/smallbutton-prev.png]
[mtv.in.com/getfit/resources/images/smallbutton-next.png]
[platform.twitter.com/widgets.js]
[connect.facebook.net/en_GB/sdk.js]
[mtv.in.com/getfit/iframeEpisode5445.html]
[mtv.in.com/getfit/iframeEpisode5847.html]
[mtvstat.in.com/892ed4a22fe9da2dbea9173919790b47_ls_m.jpg]
[mtv.in.com/getfit/iframeEpisodec078.html]
[mtvstat.in.com/380a10f22b89c6e525da680b2599caa6_ls_m.jpg]
[mtv.in.com/getfit/iframeEpisode70be.html]
[mtvstat.in.com/483b91aadb10fff1c6fc9b13b7688c78_ls_m.jpg]
[mtv.in.com/getfit/iframeEpisode47c4.html]
[mtvstat.in.com/c73735e7b68029a9951201cf1c52fdea_ls_m.jpg]
[mtv.in.com/getfit/iframeEpisodef749.html]
[mtvstat.in.com/a4495830d46bbce8ad6242c275dcd7cd_ls_m.jpg]
[mtv.in.com/getfit/iframeEpisode3eb5.html]
[mtvstat.in.com/dd222a7860573a33f143c6ad8d6d5914_ls_m.jpg]
[mtv.in.com/getfit/iframeEpisoded18d.html]
[mtvstat.in.com/08f43e43e6719e057ce3ef6150eea05e_ls_m.jpg]
[mtv.in.com/getfit/iframeEpisode7c15.html]
[mtv.in.com/getfit/resources/css/roboto-bold-webfont_0-webfont.svg]
[mtv.in.com/getfit/resources/css/roboto-regular-webfont-webfont.svg]
[mtv.in.com/getfit/resources/css/futuramtv_demibolditalic-webfont.svg]
[mtv.in.com/getfit/resources/images/skin-intro.63.delayed]
[mtv.in.com/getfit/resources/images/skin-episodes.gif]
[mtv.in.com/getfit/resources/images/bg-episodes.png]
[mtv.in.com/getfit/resources/images/watch.png]
[mtv.in.com/getfit/resources/images/violet.png]
[mtv.in.com/getfit/resources/images/play.png]
[mtv.in.com/getfit/resources/css/style.css]
[connect.facebook.net/en_GB/sdk.js]
[mtv.in.com/getfit/iframeEpisode5445.html]
[mtv.in.com/getfit/resources/images/skin-intro.html]
[mtv.in.com/getfit/resources/images/skin-episodes.html]
[mtv.in.com/getfit/resources/images/bg-episodes.html]
[mtv.in.com/getfit/resources/images/watch.html]
[mtv.in.com/getfit/resources/images/violet.html]
[mtv.in.com/getfit/resources/images/play.html]
[mtv.in.com/getfit/ABCDEFGHIJKLMNOPQRSTUVWXYZabcdefghijklmnopqrstuvwxyz0123456789+/index.html]
[mtv.in.com/getfit/ABCDEFGHIJKLMNOPQRSTUVWXYZabcdefghijklmnopqrstuvwxyz0123456789+/index.html]
[mtv.in.com/getfit/dialog/index.html]
[mtv.in.com/getfit/dialog/index.html]
[mtv.in.com/getfit/%s/profile4d6d.html]
